ppt3-discrete-prob-dist: 28 pages, 28 done, 0 failed, 0 banned, 0 truncated
ppt4-continuous-prob-dist: 44 pages, 44 done, 0 failed, 0 banned, 0 truncated
ppt5-estimation-summary: 26 pages, 26 done, 0 failed, 0 banned, 0 truncated
lms-theory-of-estimation: 40 pages, 40 done, 0 failed, 0 banned, 0 truncated
lms-standard-error-clt: 19 pages, 19 done, 0 failed, 0 banned, 0 truncated
lms-method-of-moments: 11 pages, 11 done, 0 failed, 0 banned, 0 truncated
lms-maximum-likelihood: 16 pages, 16 done, 0 failed, 0 banned, 0 truncated
notes-lecture-series-01-09: 147 pages, 147 done, 0 failed, 0 banned, 0 truncated
mas2001-course-handout: 7 pages, 7 done, 0 failed, 0 banned, 1 truncated
mas2001-assignment-1: 6 pages, 6 done, 0 failed, 0 banned, 0 truncated
mas2001-assignment-2: 4 pages, 4 done, 0 failed, 0 banned, 0 truncated

label                       pages  done  failed  banned  truncated
ppt3-discrete-prob-dist        28    28       0       0          0
ppt4-continuous-prob-dist      44    44       0       0          0
ppt5-estimation-summary        26    26       0       0          0
lms-theory-of-estimation       40    40       0       0          0
lms-standard-error-clt         19    19       0       0          0
lms-method-of-moments          11    11       0       0          0
lms-maximum-likelihood         16    16       0       0          0
notes-lecture-series-01-09    147   147       0       0          0
mas2001-course-handout          7     7       0       0          1
mas2001-assignment-1            6     6       0       0          0
mas2001-assignment-2            4     4       0       0          0
wall time: 3030.6s
RC=0
